[
  {
    "type": "shader",
    "id": "shader.vertex.pixel",
    "shader_type": "vertex",
    "source": "shaders/pixel.v.glsl"
  },
  {
    "type": "shader",
    "id": "shader.vertex.light",
    "shader_type": "vertex",
    "source": "shaders/light.v.glsl"
  },
  {
    "type": "shader",
    "id": "shader.fragment.flat.texture",
    "shader_type": "fragment",
    "source": "shaders/tex.f.glsl"
  },
  {
    "type": "shader_program",
    "id": "shader.flat.texture",
    "shaders": [
      "shader.vertex.pixel",
      "shader.fragment.flat.texture"
    ],
    "attributes": {
      "vertPos": 0,
      "texPos": 1,
      "scale": 2,
      "color": 3
    },
    "uniforms": [
      "viewport", "scale", "texres", "matrix", "tex"
    ]
  },
  {
    "type": "shader",
    "id": "shader.fragment.flat.color",
    "shader_type": "fragment",
    "source": "shaders/color.f.glsl"
  },
  {
    "type": "shader",
    "id": "shader.fragment.light",
    "shader_type": "fragment",
    "source": "shaders/light.f.glsl"
  },
  {
    "type": "shader_program",
    "id": "shader.flat.color",
    "shaders": [
      "shader.vertex.pixel",
      "shader.fragment.flat.color"
    ],
    "attributes": {
      "vertPos": 0,
      "color": 1
    },
    "uniforms": [
      "viewport", "matrix"
    ]
  },
  {
    "type": "shader",
    "id": "shader.post.vertex.null_vertex",
    "shader_type": "vertex",
    "source": "shaders/post/null.v.glsl"
  },
  {
    "type": "shader",
    "id": "shader.post.fragment.tint_blue",
    "shader_type": "fragment",
    "source": "shaders/post/tint_blue.f.glsl"
  },
  {
    "type": "shader",
    "id": "shader.post.fragment.wave",
    "shader_type": "fragment",
    "source": "shaders/post/wave.f.glsl"
  },
  {
    "type": "shader",
    "id": "shader.post.fragment.light",
    "shader_type": "fragment",
    "source": "shaders/post/light.f.glsl"
  },
  {
    "type": "shader_program",
    "id": "shader.post.tint_blue",
    "shaders": [
      "shader.post.vertex.null_vertex",
      "shader.post.fragment.tint_blue"
    ],
    "attributes": {
      "vertPos": 0
    },
    "uniforms": [
      "viewport",
      "tex"
    ]
  },
  {
    "type": "shader_program",
    "id": "shader.post.wave",
    "shaders": [
      "shader.post.vertex.null_vertex",
      "shader.post.fragment.wave"
    ],
    "attributes": {
      "vertPos": 0
    },
    "uniforms": [
      "viewport",
      "tex",
      "gameTime"
    ]
  },
  {
    "type": "shader_program",
    "id": "shader.post.light",
    "shaders": [
      "shader.post.vertex.null_vertex",
      "shader.post.fragment.light"
    ],
    "attributes": {
      "vertPos": 0
    },
    "uniforms": [
      "viewport",
      "diffuse",
      "light",
      "gameTime"
    ]
  },
  {
    "type": "shader_program",
    "id": "shader.light",
    "shaders": [
      "shader.vertex.light",
      "shader.fragment.light"
    ],
    "attributes": {
      "vertPos": 0,
      "aPos": 1,
      "bPos": 2,
      "radius": 3,
      "color": 4
    },
    "uniforms": [
      "viewport",
      "matrix"
    ]
  },
  {
    "type": "music",
    "id": "bgm.track1",
    "src": "track1.ogg"
  },
  {
    "type": "texture",
    "id": "fnt.tex.main",
    "image": "font/fnt_main.png"
  },
  {
    "type": "font",
    "id": "fnt.main",
    "tex": "fnt.tex.main",
    "meta": "font/coder's_crux_regular_12.xml",
    "scale": 5
  },
  {
    "type": "texture",
    "id": "tex.level",
    "image": "level.png"
  },
  {
    "type": "texture",
    "id": "tex.level2",
    "image": "level2.png"
  },
  {
    "type": "sfx",
    "id": "sfx.hit",
    "src": "hit.wav"
  }
]
